============ Experience Table =============
Level 1  - XP: 300
Level 2  - XP: 840
Level 3  - XP: 1800
Level 4  - XP: 3300
Level 5  - XP: 5460
Level 6  - XP: 8400
Level 7  - XP: 12240
Level 8  - XP: 17100
Level 9  - XP: 23100
Level 10 - XP: 30360
Level 11 - XP: 39000
Level 12 - XP: 49140
Level 13 - XP: 60900
Level 14 - XP: 74400
Level 15 - XP: 105120
Level 16 - XP: 139800
Level 17 - XP: 178680
Level 18 - XP: 222000
Level 19 - XP: 270000
Level 20 - XP: 322920
Level 21 - XP: 381000
Level 22 - XP: 444480
Level 23 - XP: 513600
Level 24 - XP: 588600
Level 25 - XP: 669720
Level 26 - XP: 757200
Level 27 - XP: 851280
Level 28 - XP: 952200
Level 29 - XP: 1060200
Level 30 - XP: 1175520
Level 31 - XP: 1298400
Level 32 - XP: 1429080
Level 33 - XP: 1567800
Level 34 - XP: 1714800
Level 35 - XP: 1870320
Level 36 - XP: 2034600
Level 37 - XP: 2207880
Level 38 - XP: 2390400
Level 39 - XP: 2582400
Level 40 - XP: 3221180
Level 41 - XP: 3891500
Level 42 - XP: 4594120
Level 43 - XP: 5329800
Level 44 - XP: 6099300
Level 45 - XP: 6903380
Level 46 - XP: 7742800
Level 47 - XP: 8618320
Level 48 - XP: 9530700
Level 49 - XP: 10480700
Level 50 - XP: 11469080
Level 51 - XP: 12496600
Level 52 - XP: 13564020
Level 53 - XP: 14672100
Level 54 - XP: 15821600
Level 55 - XP: 17013280
Level 56 - XP: 18247900
Level 57 - XP: 19526220
Level 58 - XP: 20849000
Level 59 - XP: 22217000
Level 60 - XP: 27426400
Level 61 - XP: 32808000
Level 62 - XP: 38364600
Level 63 - XP: 44099000
Level 64 - XP: 50014000
Level 65 - XP: 56112400
Level 66 - XP: 62397000
Level 67 - XP: 68870600
Level 68 - XP: 75536000
Level 69 - XP: 82396000
Level 70 - XP: 89453400
Level 71 - XP: 96711000
Level 72 - XP: 104171600
Level 73 - XP: 111838000
Level 74 - XP: 119713000
Level 75 - XP: 127799400
Level 76 - XP: 136100000
Level 77 - XP: 144617600
Level 78 - XP: 153355000
Level 79 - XP: 162315000
Level 80 - XP: 195120000
Level 81 - XP: 228740000
Level 82 - XP: 263185000
Level 83 - XP: 326689000
Level 84 - XP: 391714000
Level 85 - XP: 487862000
Level 86 - XP: 586259000
Level 87 - XP: 686931000
Level 88 - XP: 789904000
Level 89 - XP: 895204000
Level 90 - XP: 1002857000
Level 91 - XP: 1112889000
Level 92 - XP: 1225326000
Level 93 - XP: 1340194000
Level 94 - XP: 1457519000
Level 95 - XP: 1577327000
Level 96 - XP: 1699644000
Level 97 - XP: 1824496000
Level 98 - XP: 1951909000
Level 99 - XP: 2081909000
